=== rgs-flash-mock 整体回归测试 (per ULYS-141 + RGS-TEST-DESIGN v0.2 §10) ===
  mock 项目根: /d/RustGameServer/tools/rgs-flash-mock
  日志文件: logs/regression-test-all-20260925-1821.log

  派生约束: L1/L1.1/L2 三件套 (per AGENTS.md §2.1 + 9/2 10:18 JST D2 拍板)
            + 8/27 11:06 JST 凭据永不打印
            + 8/27 19:39/20:56/21:59 JST 三次强化代签
            + 9/4 17:47 JST 测试脚本归入 mock 项目

[1/3] UT (per L1 + L1.1) ...
  ✅ UT 全过 (5 s)

[2/3] IT (per L2 IT — fixture + 9 回归脚本) ...
  ✅ IT 全过 (92 s)

[3/3] ST (per L2 ST — mock server + /health + /ready + 21 RPC 抽样) ...
  ✅ ST 全过 (33 s)

=== rgs-flash-mock 整体回归测试完成 ===
  UT (L1 + L1.1): ✅ PASS
  IT (L2 IT):     ✅ PASS
  ST (L2 ST):     ✅ PASS

  总时长 (3 阶段 sum): 130 s
  日志文件: logs/regression-test-all-20260925-1821.log

  派生约束守护:
    L1 cargo check (60s 限时)        ✅
    L1.1 cargo test --lib (120s)     ✅
    L2 IT (fixture + 9 回归脚本)     ✅
    L2 ST (mock server + RPC 抽样)   ✅
    凭据永不打印 (8/27 11:06)        ✅
    代签规则 (8/27 三次强化)         ✅
    测试脚本归入 mock (9/4 17:47)   ✅
    fail-closed (8/27 55.26)        ✅

  RGS-TEST-DESIGN v0.2 §10 DoD 对照:
    L1 (UT):       ✅ cargo check --tests 0 error
    L1.1 (Lib):    ✅ cargo test --lib 全过
    L2 (mock):     ✅ 9 回归脚本 PASS
    L2 (mock ST):  ✅ mock server + RPC 抽样 PASS

  ✅ 整体回归测试全过
