=== regression-smoke.sh ===
  date = 2026-09-19T10:14:45+0900
  host = UlyssesPC
  rust = rustc 1.98.0 (88d9e12ae 2026-08-18)
  repo = /d/RustGameServer

[1;33m==== 1. 7 域 example (mock 资产演示) ====[0m
[0;32m  [PASS][0m example-domain_player_demo
[0;32m  [PASS][0m example-domain_economy_demo
[0;32m  [PASS][0m example-domain_match_demo
[0;32m  [PASS][0m example-domain_social_demo
[0;32m  [PASS][0m example-domain_admin_demo
[0;32m  [PASS][0m example-domain_cluster_ops_demo
[0;32m  [PASS][0m example-domain_gm_backend_demo

[1;33m==== 2. rgs-testkit self_test (mock 入口) ====[0m
[0;32m  [PASS][0m rgs-testkit-self_test

[1;33m==== 3. rgs-certgen 17 黑盒 (UT-09) ====[0m
[0;32m  [PASS][0m rgs-certgen-ut

[1;33m==== 4. gm-backend 19 黑盒 (UT-08) ====[0m
[0;32m  [PASS][0m gm-backend-ut

[1;33m==== 5. 5 域 + cluster-ops 集成测试 ====[0m
[0;31m  [FAIL][0m integration-player-service (log: /tmp/regression-integration-player-service.log)
[0;31m  [FAIL][0m integration-economy-service (log: /tmp/regression-integration-economy-service.log)
[0;32m  [PASS][0m integration-match-service
