=== RGS-ENV-001 v0.3 §1-§5 12 类环境核验 log ===
核验人：Ulysses（一人公司 12 角色兼任 per DEC-008）
核验日期：2026-08-22 11:59:23
环境：Windows 11 + PowerShell 7.6+ + WSL2 (Ubuntu 22.04) + k3s native（per DEC-010）

§1 工具链核验
[✅] 1.1.1 rustc = 1.98.0  (实际: rustc 1.98.0 (88d9e12ae 2026-08-18))
[✅] 1.1.2 cargo = 1.98.0  (实际: cargo 1.98.0 (797e8a9bc 2026-08-05))
[✅] 1.1.3 MSRV 锁定
[✅] 1.2.1 rustfmt
[❌] 1.2.2 clippy
[❌] 1.2.3 rust-src
[❌] 1.3.1 cargo-deny  (实际: NOT_INSTALLED)
[❌] 1.3.2 cargo-audit  (实际: NOT_INSTALLED)
[❌] 1.3.3 cargo-llvm-cov  (实际: NOT_INSTALLED)
[✅] 1.3.4 sqlx-cli  (实际: sqlx-cli 0.8.6)
[✅] 1.3.5 protoc  (实际: libprotoc 33.4)

§2 PostgreSQL 18.6 (k3s pod 部署, per DEC-010)
[✅] 2.1.1 postgres pod version = 18.6  (实际: PostgreSQL 18.6 (Debian 18.6-1.pgdg13+2) on x86_64-pc-linux-gnu, compiled by gcc (Debian 14.2.0-19) 14.2.0, 64-bit)
[✅] 2.2.1 postgres pod Running + Ready 1/1  (实际: postgres-5bb9bb647d-6wfv4   1/1   Running   0     5m24s)
[✅] 2.3 5 独立 DB (player / economy / match / social / admin / cluster_ops)
[✅] 2.4 cargo check
[❌] 2.4.2 .sqlx/ 目录

§3 K3s / Kubernetes (WSL2 native, per DEC-010)
[✅] 3.0 WSL2 + Ubuntu 22.04 可用
[✅] 3.1 k3s 节点 Ready
[❌] 3.2 kubectl client ≥ v1.30  (实际: )
[❌] 3.3 helm ≥ v3.10  (实际: WSL_ERROR: )
[✅] 3.4 postgres pod 部署成功 (per 01-k8s-manifests/20-24)

§4 锁定依赖 CI
[✅] 4.1.1 Cargo.lock
[✅] 4.1.2 cargo --locked build
[✅] 4.3.1 cargo test --locked

§5 跨工具集成
[✅] 5.1 sqlx 编译期
[✅] 5.2 tonic 编译

=== 总览 ===
✅ 全部 12 类核验 PASS - NO-GO 可解除